// Vitest Snapshot v1

exports[`#movieCard > should render a movieCard 1`] = `
<div
  className=""
>
  <div
    className="min-h-[250px] rounded-md  overflow-hidden"
  >
    <img
      alt="test"
      className="block w-full h-full object-cover"
      loading="lazy"
      src="https://www.themoviedb.org/t/p/w440_and_h660_face/test"
    />
  </div>
  <div
    className=""
  >
    <h3
      className="text-white text-sm font-bold my-3 uppercase tracking-[1px]"
    >
      test
    </h3>
    <div
      className="flex justify-between items-center text-gray-500"
    >
      <p>
        2020
      </p>
      <div
        className="flex gap-2 items-center"
      >
        <button
          onClick={[Function]}
        >
          <ForwardRef(ThumbUpIcon)
            className="w-6 h-6"
          />
        </button>
      </div>
    </div>
  </div>
</div>
`;
