// Vitest Snapshot v1

exports[`#loadingSpinner > should render a spinner 1`] = `
<div
  className="spinner-container"
>
  <div
    className="loading-spinner"
  />
</div>
`;
